------------------------------------------------------------
TimeQuest Timing Analyzer Summary
------------------------------------------------------------

Type  : Slow 1100mV 85C Model Setup 'clk'
Slack : -0.256
TNS   : -1.280

Type  : Slow 1100mV 85C Model Hold 'clk'
Slack : 0.242
TNS   : 0.000

Type  : Slow 1100mV 85C Model Minimum Pulse Width 'clk'
Slack : -0.394
TNS   : -3.157

Type  : Slow 1100mV 0C Model Setup 'clk'
Slack : -0.299
TNS   : -1.498

Type  : Slow 1100mV 0C Model Hold 'clk'
Slack : 0.220
TNS   : 0.000

Type  : Slow 1100mV 0C Model Minimum Pulse Width 'clk'
Slack : -0.394
TNS   : -3.373

Type  : Fast 1100mV 85C Model Setup 'clk'
Slack : 0.284
TNS   : 0.000

Type  : Fast 1100mV 85C Model Hold 'clk'
Slack : 0.146
TNS   : 0.000

Type  : Fast 1100mV 85C Model Minimum Pulse Width 'clk'
Slack : -0.083
TNS   : -0.484

Type  : Fast 1100mV 0C Model Setup 'clk'
Slack : 0.306
TNS   : 0.000

Type  : Fast 1100mV 0C Model Hold 'clk'
Slack : 0.129
TNS   : 0.000

Type  : Fast 1100mV 0C Model Minimum Pulse Width 'clk'
Slack : -0.081
TNS   : -0.476

------------------------------------------------------------
